###############################################################################
#
# IAR ELF Linker V9.30.1.335/W64 for ARM                  31/Dec/2022  13:21:26
# Copyright 2007-2022 IAR Systems AB.
#
#    Output file  =
#        D:\ASU\Microcontrollers (intro to embedded)\Embedded
#        project\Debug\Exe\Emb_Project.out
#    Map file     =
#        D:\ASU\Microcontrollers (intro to embedded)\Embedded
#        project\Debug\List\Emb_Project.map
#    Command line =
#        -f "D:\ASU\Microcontrollers (intro to embedded)\Embedded
#        project\Debug\Exe\Emb_Project.out.rsp" ("D:\ASU\Microcontrollers
#        (intro to embedded)\Embedded project\Debug\Obj\dio.o"
#        "D:\ASU\Microcontrollers (intro to embedded)\Embedded
#        project\Debug\Obj\keypad.o" "D:\ASU\Microcontrollers (intro to
#        embedded)\Embedded project\Debug\Obj\lcd.o" "D:\ASU\Microcontrollers
#        (intro to embedded)\Embedded project\Debug\Obj\main.o"
#        "D:\ASU\Microcontrollers (intro to embedded)\Embedded
#        project\Debug\Obj\SystickTimer.o" "D:\ASU\Microcontrollers (intro to
#        embedded)\Embedded project\Debug\Obj\Write_Time.o" --no_out_extension
#        -o "D:\ASU\Microcontrollers (intro to embedded)\Embedded
#        project\Debug\Exe\Emb_Project.out" --redirect _Printf=_PrintfFullNoMb
#        --redirect _Scanf=_ScanfFullNoMb --map "D:\ASU\Microcontrollers (intro
#        to embedded)\Embedded project\Debug\List\Emb_Project.map" --config
#        "C:\Program Files\IAR Systems\Embedded Workbench
#        9.1\arm/config/linker/TexasInstruments/TM4C123GH6.icf" --semihosting
#        --entry __iar_program_start --vfe --text_out locale --cpu=Cortex-M4
#        --fpu=VFPv4_sp)
#
###############################################################################

*******************************************************************************
*** RUNTIME MODEL ATTRIBUTES
***

CppFlavor       = *
__CPP_Runtime   = 1
__SystemLibrary = DLib
__dlib_version  = 6


*******************************************************************************
*** HEAP SELECTION
***

The basic heap was selected because --advanced_heap
was not specified and the application did not appear to
be primarily optimized for speed.


*******************************************************************************
*** PLACEMENT SUMMARY
***

"A0":  place at address 0x0 { ro section .intvec };
"P1":  place in [from 0x0 to 0x3'ffff] { ro };
define block CSTACK with size = 4K, alignment = 8 { };
define block HEAP with size = 8K, alignment = 8 { };
"P2":  place in [from 0x2000'0000 to 0x2000'7fff] {
          rw, block CSTACK, block HEAP };
initialize by copy { rw };

  Section            Kind         Address    Size  Object
  -------            ----         -------    ----  ------
"A0":                                        0x40
  .intvec            ro code          0x0    0x40  vector_table_M.o [4]
                                   - 0x40    0x40

"P1":                                      0x37bc
  .text              ro code         0x40   0xe8e  xprintffull_nomb.o [2]
  .text              ro code        0xece    0x2a  copy_init3.o [4]
  .text              ro code        0xef8    0x16  strchr.o [4]
  .text              ro code        0xf0e     0xa  xsprout.o [2]
  .text              ro code        0xf18    0x40  xfail_s.o [2]
  .text              ro code        0xf58    0x36  strlen.o [4]
  .text              ro code        0xf8e     0x2  vectortrap_M.o [4]
  .text              ro code        0xf90    0x58  memchr.o [4]
  .text              ro code        0xfe8    0x76  ABImemcpy_unaligned.o [4]
  .text              ro code       0x1060    0x70  frexp.o [3]
  .text              ro code       0x10d0    0x34  DblCmpLe.o [3]
  .text              ro code       0x1104    0x34  DblCmpGe.o [3]
  .text              ro code       0x1138   0x13a  ldexp.o [3]
  .text              ro code       0x1274    0x36  DblToS32.o [3]
  .text              ro code       0x12ac    0x22  S32ToDbl.o [3]
  .text              ro code       0x12d0   0x25e  DblAddSub.o [3]
  .text              ro code       0x1530   0x246  DblDiv.o [3]
  .text              ro code       0x1778    0x22  DblToU32.o [3]
  .text              ro code       0x179c    0x1c  U32ToDbl.o [3]
  .text              ro code       0x17b8   0x1aa  DblMul.o [3]
  .text              ro code       0x1964   0x230  I64DivMod.o [4]
  .text              ro code       0x1b94     0x6  abort.o [2]
  .text              ro code       0x1b9c     0x2  I64DivZer.o [4]
  .text              ro code       0x1ba0    0x14  exit.o [5]
  .text              ro code       0x1bb4    0x7c  iarttio.o [5]
  .text              ro code       0x1c30     0x8  XShttio.o [2]
  .text              ro code       0x1c38   0x6a4  main.o [1]
  .text              ro code       0x22dc   0x174  keypad.o [1]
  .text              ro code       0x2450   0x140  lcd.o [1]
  .text              ro code       0x2590    0xa4  dio.o [1]
  .text              ro code       0x2634    0x28  printf.o [2]
  .text              ro code       0x265c    0x40  sprintf.o [2]
  .text              ro code       0x269c   0x1f0  Write_Time.o [1]
  .text              ro code       0x288c    0x44  SystickTimer.o [1]
  .text              ro code       0x28d0    0x16  math_wrappers64.o [3]
  .text              ro code       0x28e8   0x650  pow64.o [3]
  .text              ro code       0x2f38    0x20  DblCmpEq.o [3]
  .text              ro code       0x2f58   0x2ec  iar_Exp64.o [3]
  .rodata            const         0x3244     0xc  main.o [1]
  .rodata            const         0x3250   0x420  pow64.o [3]
  .text              ro code       0x3670    0x28  data_init.o [4]
  .text              ro code       0x3698    0x22  fpinit_M.o [3]
  .text              ro code       0x36ba    0x22  iarwrite.o [5]
  .iar.init_table    const         0x36dc    0x14  - Linker created -
  .text              ro code       0x36f0    0x20  putchar.o [2]
  .text              ro code       0x3710    0x10  write.o [5]
  .text              ro code       0x3720    0x1e  dwrite.o [5]
  .text              ro code       0x373e    0x20  iarwstd.o [5]
  .text              ro code       0x3760    0x1e  cmain.o [4]
  .text              ro code       0x377e     0x4  low_level_init.o [2]
  .text              ro code       0x3782     0x4  exit.o [2]
  .text              ro code       0x3788     0xa  cexit.o [4]
  Initializer bytes  const         0x3794    0x20  <for P2-1>
  .text              ro code       0x37b4    0x1c  cstartup_M.o [4]
  .text              ro code       0x37d0    0x16  xprout.o [2]
  .rodata            const         0x37e8     0x8  main.o [1]
  .rodata            const         0x37f0     0x8  main.o [1]
  .rodata            const         0x37f8     0x4  main.o [1]
  .rodata            const         0x37fc     0x0  copy_init3.o [4]
                                 - 0x37fc  0x37bc

"P2", part 1 of 2:                           0x20
  P2-1                        0x2000'0000    0x1d  <Init block>
    .data            inited   0x2000'0000    0x10  keypad.o [1]
    .data            inited   0x2000'0010     0x8  XShttio.o [2]
    .bss             inited   0x2000'0018     0x4  xfail_s.o [2]
    .data            inited   0x2000'001c     0x1  Write_Time.o [1]
                            - 0x2000'001d    0x1d

"P2", part 2 of 2:                         0x1000
  CSTACK                      0x2000'0020  0x1000  <Block>
    CSTACK           uninit   0x2000'0020  0x1000  <Block tail>
                            - 0x2000'1020  0x1000

Unused ranges:

         From           To      Size
         ----           --      ----
       0x37fc     0x3'ffff  0x3'c804
  0x2000'1020  0x2000'7fff    0x6fe0


*******************************************************************************
*** INIT TABLE
***

          Address      Size
          -------      ----
Copy (__iar_copy_init3)
    1 source range, total size 0x20 (110% of destination):
               0x3794  0x20
    1 destination range, total size 0x1d:
          0x2000'0000  0x1d



*******************************************************************************
*** MODULE SUMMARY
***

    Module                 ro code  ro data  rw data
    ------                 -------  -------  -------
command line/config:
    ------------------------------------------------
    Total:

D:\ASU\Microcontrollers (intro to embedded)\Embedded project\Debug\Obj: [1]
    SystickTimer.o              68
    Write_Time.o               496        1        1
    dio.o                      164
    keypad.o                   372       16       16
    lcd.o                      320
    main.o                   1'700       32
    ------------------------------------------------
    Total:                   3'120       49       17

dl7M_tln.a: [2]
    XShttio.o                    8        8        8
    abort.o                      6
    exit.o                       4
    low_level_init.o             4
    printf.o                    40
    putchar.o                   32
    sprintf.o                   64
    xfail_s.o                   64        4        4
    xprintffull_nomb.o       3'726
    xprout.o                    22
    xsprout.o                   10
    ------------------------------------------------
    Total:                   3'980       12       12

m7M_tls.a: [3]
    DblAddSub.o                606
    DblCmpEq.o                  32
    DblCmpGe.o                  52
    DblCmpLe.o                  52
    DblDiv.o                   582
    DblMul.o                   426
    DblToS32.o                  54
    DblToU32.o                  34
    S32ToDbl.o                  34
    U32ToDbl.o                  28
    fpinit_M.o                  34
    frexp.o                    112
    iar_Exp64.o                748
    ldexp.o                    314
    math_wrappers64.o           22
    pow64.o                  1'616    1'056
    ------------------------------------------------
    Total:                   4'746    1'056

rt7M_tl.a: [4]
    ABImemcpy_unaligned.o      118
    I64DivMod.o                560
    I64DivZer.o                  2
    cexit.o                     10
    cmain.o                     30
    copy_init3.o                42
    cstartup_M.o                28
    data_init.o                 40
    memchr.o                    88
    strchr.o                    22
    strlen.o                    54
    vector_table_M.o            64
    vectortrap_M.o               2
    ------------------------------------------------
    Total:                   1'060

shb_l.a: [5]
    dwrite.o                    30
    exit.o                      20
    iarttio.o                  124
    iarwrite.o                  34
    iarwstd.o                   32
    write.o                     16
    ------------------------------------------------
    Total:                     256

    Gaps                        26        2
    Linker created                       25    4'096
----------------------------------------------------
    Grand Total:            13'188    1'144    4'125


*******************************************************************************
*** ENTRY LIST
***

Entry                       Address   Size  Type      Object
-----                       -------   ----  ----      ------
.iar.init_table$$Base        0x36dc          --   Gb  - Linker created -
.iar.init_table$$Limit       0x36f0          --   Gb  - Linker created -
?main                        0x3761         Code  Gb  cmain.o [4]
BusFault_Handler              0xf8f         Code  Wk  vectortrap_M.o [4]
Buzzer_Init                  0x1c39   0x96  Code  Gb  main.o [1]
Buzzer_Output                0x1ccf   0x22  Code  Gb  main.o [1]
CSTACK$$Base            0x2000'0020          --   Gb  - Linker created -
CSTACK$$Limit           0x2000'1020          --   Gb  - Linker created -
Calc                         0x1f29  0x302  Code  Gb  main.o [1]
DIO_PORTFinit                0x2591   0x76  Code  Gb  dio.o [1]
DebugMon_Handler              0xf8f         Code  Wk  vectortrap_M.o [4]
HardFault_Handler             0xf8f         Code  Wk  vectortrap_M.o [4]
KeyPad_Init                  0x2391    0xc  Code  Gb  keypad.o [1]
KeyPad_Read                  0x23b3   0x50  Code  Gb  keypad.o [1]
LCD_Cmd                      0x24b1   0x36  Code  Gb  lcd.o [1]
LCD_Data                     0x24e7   0x28  Code  Gb  lcd.o [1]
LCD_String                   0x2531   0x18  Code  Gb  lcd.o [1]
LCD_Write                    0x2579   0x18  Code  Gb  lcd.o [1]
LCD_init                     0x2451   0x60  Code  Gb  lcd.o [1]
MemManage_Handler             0xf8f         Code  Wk  vectortrap_M.o [4]
NMI_Handler                   0xf8f         Code  Wk  vectortrap_M.o [4]
PendSV_Handler                0xf8f         Code  Wk  vectortrap_M.o [4]
PortDInit                    0x22dd   0x5a  Code  Gb  keypad.o [1]
PortEInit                    0x2337   0x5a  Code  Gb  keypad.o [1]
Region$$Table$$Base          0x36dc          --   Gb  - Linker created -
Region$$Table$$Limit         0x36f0          --   Gb  - Linker created -
SVC_Handler                   0xf8f         Code  Wk  vectortrap_M.o [4]
Start_timer                  0x2719  0x16e  Code  Gb  Write_Time.o [1]
StopWatch                    0x1dc7  0x15e  Code  Gb  main.o [1]
SysTick_Handler               0xf8f         Code  Wk  vectortrap_M.o [4]
SysTick_Wait                 0x28b1   0x14  Code  Gb  SystickTimer.o [1]
SysTick_Wait_1ms             0x288d   0x24  Code  Gb  SystickTimer.o [1]
Timer                        0x1cf1   0xd6  Code  Gb  main.o [1]
UsageFault_Handler            0xf8f         Code  Wk  vectortrap_M.o [4]
Write_Timer                  0x26d3   0x46  Code  Gb  Write_Time.o [1]
Write_Timer_zero             0x269d   0x36  Code  Gb  Write_Time.o [1]
_LC                            0x41    0x6  Code  Lc  xprintffull_nomb.o [2]
_LitobFullNoMb                0xcd1  0x114  Code  Lc  xprintffull_nomb.o [2]
_PrintfFullNoMb                0x47  0xc76  Code  Gb  xprintffull_nomb.o [2]
_Prout                       0x37d1   0x16  Code  Gb  xprout.o [2]
_PutcharsFullNoMb             0xe3d   0x2e  Code  Lc  xprintffull_nomb.o [2]
_SProut                       0xf0f    0xa  Code  Gb  xsprout.o [2]
__aeabi_cdcmpeq              0x2f39         Code  Gb  DblCmpEq.o [3]
__aeabi_cdcmple              0x10d1         Code  Gb  DblCmpLe.o [3]
__aeabi_cdrcmple             0x1105         Code  Gb  DblCmpGe.o [3]
__aeabi_d2iz                 0x1275         Code  Gb  DblToS32.o [3]
__aeabi_d2uiz                0x1779         Code  Gb  DblToU32.o [3]
__aeabi_dadd                 0x12d1         Code  Gb  DblAddSub.o [3]
__aeabi_ddiv                 0x1531         Code  Gb  DblDiv.o [3]
__aeabi_dmul                 0x17b9         Code  Gb  DblMul.o [3]
__aeabi_dsub                 0x144d         Code  Gb  DblAddSub.o [3]
__aeabi_i2d                  0x12ad         Code  Gb  S32ToDbl.o [3]
__aeabi_ldiv0                0x1b9d         Code  Gb  I64DivZer.o [4]
__aeabi_ui2d                 0x179d         Code  Gb  U32ToDbl.o [3]
__aeabi_uldivmod             0x1965         Code  Gb  I64DivMod.o [4]
__cmain                      0x3761         Code  Gb  cmain.o [4]
__dwrite                     0x3721   0x1e  Code  Gb  dwrite.o [5]
__exit                       0x1ba1   0x14  Code  Gb  exit.o [5]
__iar_Exp64                  0x2f59  0x284  Code  Gb  iar_Exp64.o [3]
__iar_Fail_s                  0xf19   0x1c  Code  Gb  xfail_s.o [2]
__iar_Memchr                  0xf91         Code  Gb  memchr.o [4]
__iar_Strchr                  0xef9         Code  Gb  strchr.o [4]
__iar_close_ttio             0x1bb5   0x2c  Code  Gb  iarttio.o [5]
__iar_copy_init3              0xecf   0x2a  Code  Gb  copy_init3.o [4]
__iar_data_init3             0x3671   0x28  Code  Gb  data_init.o [4]
__iar_frexp                  0x106d         Code  Gb  frexp.o [3]
__iar_frexpl                 0x106d         Code  Gb  frexp.o [3]
__iar_get_ttio               0x1be1   0x4c  Code  Gb  iarttio.o [5]
__iar_init_vfp               0x3699         Code  Gb  fpinit_M.o [3]
__iar_ldexp64                0x1139         Code  Gb  ldexp.o [3]
__iar_lookup_ttioh           0x1c31    0x8  Code  Gb  XShttio.o [2]
__iar_pow64                  0x28e9  0x650  Code  Gb  pow64.o [3]
__iar_pow_medium             0x28e9  0x650  Code  Gb  pow64.o [3]
__iar_pow_medium64           0x28e9  0x650  Code  Gb  pow64.o [3]
__iar_pow_mediuml            0x28e9  0x650  Code  Gb  pow64.o [3]
__iar_program_start          0x37b5         Code  Gb  cstartup_M.o [4]
__iar_scalbln64              0x1139         Code  Gb  ldexp.o [3]
__iar_scalbn64               0x1139         Code  Gb  ldexp.o [3]
__iar_sh_stdout              0x373f   0x20  Code  Gb  iarwstd.o [5]
__iar_sh_write               0x36bb   0x22  Code  Gb  iarwrite.o [5]
__iar_softfp___iar_frexp64
                             0x1061         Code  Gb  frexp.o [3]
__iar_softfp_frexp           0x1061         Code  Gb  frexp.o [3]
__iar_softfp_frexpl          0x1061         Code  Gb  frexp.o [3]
__iar_ttio_handles      0x2000'0010    0x8  Data  Lc  XShttio.o [2]
__iar_unaligned_memcpy        0xfe9         Code  Gb  ABImemcpy_unaligned.o [4]
__iar_unaligned_memcpy4
                             0x1009         Code  Gb  ABImemcpy_unaligned.o [4]
__iar_unaligned_memcpy8
                             0x1009         Code  Gb  ABImemcpy_unaligned.o [4]
__iar_vfp_pow                0x28d7   0x10  Code  Gb  math_wrappers64.o [3]
__low_level_init             0x377f    0x4  Code  Gb  low_level_init.o [2]
__vector_table                  0x0         Data  Gb  vector_table_M.o [4]
__write                      0x3711   0x10  Code  Gb  write.o [5]
_call_main                   0x376d         Code  Gb  cmain.o [4]
_exit                        0x3789         Code  Gb  cexit.o [4]
abort                        0x1b95    0x6  Code  Gb  abort.o [2]
delay                        0x239d   0x16  Code  Gb  keypad.o [1]
delay_micro                  0x2563   0x16  Code  Gb  lcd.o [1]
delay_milli                  0x2549   0x1a  Code  Gb  lcd.o [1]
exit                         0x3783    0x4  Code  Gb  exit.o [2]
flag_continue           0x2000'001c    0x1  Data  Gb  Write_Time.o [1]
ldexp                        0x1139         Code  Gb  ldexp.o [3]
ldexpl                       0x1139         Code  Gb  ldexp.o [3]
lnbias                       0x3250  0x420  Data  Lc  pow64.o [3]
main                         0x222b   0x5e  Code  Gb  main.o [1]
memchr                        0xf91         Code  Gb  memchr.o [4]
pow                          0x28e9  0x650  Code  Gb  pow64.o [3]
powl                         0x28e9  0x650  Code  Gb  pow64.o [3]
printf                       0x2635   0x28  Code  Gb  printf.o [2]
putchar                      0x36f1   0x20  Code  Gb  putchar.o [2]
scalbln                      0x1139         Code  Gb  ldexp.o [3]
scalblnl                     0x1139         Code  Gb  ldexp.o [3]
scalbn                       0x1139         Code  Gb  ldexp.o [3]
scalbnl                      0x1139         Code  Gb  ldexp.o [3]
scale                         0xde5   0x46  Code  Lc  xprintffull_nomb.o [2]
sec_hand                0x2000'0018    0x4  Data  Lc  xfail_s.o [2]
sprintf                      0x265d   0x40  Code  Gb  sprintf.o [2]
strchr                        0xef9         Code  Gb  strchr.o [4]
strlen                        0xf59         Code  Gb  strlen.o [4]
symbol                  0x2000'0000   0x10  Data  Gb  keypad.o [1]


[1] = D:\ASU\Microcontrollers (intro to embedded)\Embedded project\Debug\Obj
[2] = dl7M_tln.a
[3] = m7M_tls.a
[4] = rt7M_tl.a
[5] = shb_l.a

  13'188 bytes of readonly  code memory
   1'144 bytes of readonly  data memory
   4'125 bytes of readwrite data memory

Errors: none
Warnings: none
